// Jest Snapshot v1, https://goo.gl/fbAQLP

exports[`it renders correctly 1`] = `
<div
  className="container"
>
  <div
    className="title"
  >
    <span
      className="title__text"
    >
      Quote of the day
    </span>
  </div>
  <div
    className="loading"
  >
    <WithStyles(ForwardRef(CircularProgress)) />
  </div>
</div>
`;
